// Jest Snapshot v1, https://goo.gl/fbAQLP

exports[`Renders and matches snapshot 1`] = `
<div>
  <button
    class="root-0-2-2 result-0-2-3 isCorrect-0-2-4"
    data-testid="picker-button-graded"
  >
    <div
      class="barCorrect-0-2-8 barActive-0-2-10 barActive-d1-0-2-12"
    >
      <div />
    </div>
    <div
      class="textContainer-0-2-6"
    >
      <div>
        Absolutely
      </div>
      <div
        class="resultContainer-0-2-7"
      >
        <div>
          <img
            aria-hidden="true"
            role="presentation"
            src="test-file-stub"
          />
        </div>
        <div>
          66.66
          %
        </div>
      </div>
    </div>
  </button>
  <button
    class="root-0-2-2 result-0-2-3 isIncorrect-0-2-5"
    data-testid="picker-button-graded"
  >
    <div
      class="barIncorrect-0-2-9 barActive-0-2-10 barActive-d3-0-2-14"
    >
      <div />
    </div>
    <div
      class="textContainer-0-2-6"
    >
      <div>
        Definitely Not
      </div>
      <div
        class="resultContainer-0-2-7"
      >
        <div>
          <img
            aria-hidden="true"
            role="presentation"
            src="test-file-stub"
          />
        </div>
        <div>
          33.33
          %
        </div>
      </div>
    </div>
  </button>
  <button
    class="root-0-2-2 result-0-2-3"
    data-testid="picker-button-graded"
  >
    <div
      class="barActive-0-2-10 barActive-d5-0-2-16"
    >
      <div />
    </div>
    <div
      class="textContainer-0-2-6"
    >
      <div>
        Undecided
      </div>
      <div
        class="resultContainer-0-2-7"
      >
        <div>
          0
          %
        </div>
      </div>
    </div>
  </button>
</div>
`;
