// Jest Snapshot v1, https://goo.gl/fbAQLP

exports[`Label renders without crashing, matches snapshot 1`] = `
body #PickUpUI .j0 {
  display: block;
  padding: 4px 4px 12px;
  position: relative;
  font-size: 16px;
  font-family: 'Ringside-Condensed', Helvetica, sans-serif;
  text-transform: uppercase;
}

<div>
  <div
    id="PickUpUI"
  >
    <div
      data-testid="label-wrapper"
    >
      <label
        class="j0"
        data-testid="label"
        for="firstName"
      >
        First Name
      </label>
    </div>
  </div>
</div>
`;
