// Jest Snapshot v1, https://goo.gl/fbAQLP

exports[`Renders and matches snapshot 1`] = `
<div>
  <div
    id="PickUpUI"
  >
    <select
      class="PU--root-0-2-2"
      data-testid="dropdown"
    >
      <option
        value="1"
      >
        Option 1
      </option>
      <option
        value="2"
      >
        Option 2
      </option>
      <option
        value="3"
      >
        Option 3
      </option>
    </select>
  </div>
</div>
`;
