// Jest Snapshot v1, https://goo.gl/fbAQLP

exports[`TextArea renders without crashing, matches snapshot 1`] = `
<div>
  <div
    id="PickUpUI"
  >
    <div
      class="PU--root-0-2-1"
      data-testid="textarea-wrapper"
    >
      <textarea
        class="PU--textarea-0-2-2"
        name="excerpt"
      >
        This is an excerpt, it is a pretty cool excerpt. It contains text.
      </textarea>
    </div>
  </div>
</div>
`;
