// Jest Snapshot v1, https://goo.gl/fbAQLP

exports[`Renders and matches snapshot 1`] = `
<div>
  <div
    id="PickUpUI"
  >
    <div
      data-testid="ad"
    >
      <div
        class="PU100000--container-0-2-5"
        style="width: 300px; height: 100px;"
      >
        <div
          class="PU100000--foregroundImageContainer-0-2-3"
        >
          <img
            alt="HelloWorld Ad"
            class="PU100000--foregroundImage-0-2-2"
            src="https://images.ctfassets.net/vr34jcb0tstv/2XgjxzpUehZpgDwyeBTyVw/6f4f124a291d84da963b5491e4dc20b3/hero.svg"
          />
        </div>
        <div
          class="PU100000--copy-0-2-4"
        >
          <h1>
            Hello World!
          </h1>
        </div>
      </div>
    </div>
  </div>
</div>
`;
