// Jest Snapshot v1, https://goo.gl/fbAQLP

exports[`Renders without crashing, matches snapshot 1`] = `
<div>
  <div
    class="root-0-2-1 root-d0-0-2-2"
    data-testid="statusIcon"
  >
    <svg
      fill="none"
      height="48"
      viewBox="0 0 48 48"
      width="48"
      xmlns="http://www.w3.org/2000/svg"
    >
      <path
        d="M21 1.73205C22.8564 0.660254 25.1436 0.660254 27 1.73205L41.7846 10.2679C43.641 11.3397 44.7846 13.3205 44.7846 15.4641V32.5359C44.7846 34.6795 43.641 36.6603 41.7846 37.7321L27 46.2679C25.1436 47.3397 22.8564 47.3397 21 46.2679L6.21539 37.7321C4.35899 36.6603 3.21539 34.6795 3.21539 32.5359V15.4641C3.21539 13.3205 4.35898 11.3397 6.21539 10.2679L21 1.73205Z"
        fill="#7A60FF"
        stroke="white"
      />
      <circle
        cx="24"
        cy="24"
        fill="white"
        r="13"
      />
      <path
        clip-rule="evenodd"
        d="M25.5388 16L25.1327 21.9933H30.4L22.8612 31.5L23.2673 25.5067H18L25.5388 16Z"
        fill="#7A60FF"
        fill-rule="evenodd"
      />
    </svg>
  </div>
</div>
`;
