// Jest Snapshot v1, https://goo.gl/fbAQLP

exports[`Renders and matches snapshot 1`] = `
<div>
  <button
    class="PU--root-0-2-1 PU--root-d0-0-2-5"
    data-testid="pickup-button"
    href="https://www.playpickup.com"
  >
    Make your pick
  </button>
</div>
`;
