// Jest Snapshot v1, https://goo.gl/fbAQLP

exports[`Loader renders without crashing, matches snapshot 1`] = `
body #PickUpUI .j4 {
  margin: 0;
  padding: 0;
  position: relative;
  vertical-align: baseline;
  -webkit-font-smoothing: antialiased;
  -moz-osx-font-smoothing: grayscale;
}

body #PickUpUI .j5 {
  color: inherit;
}

body #PickUpUI .j6 {
  color: inherit;
  font-size: 28px;
  font-family: 'Ringside-Condensed', Helvetica, sans-serif;
  font-weight: 600;
  line-height: 34px;
  letter-spacing: 0.1px;
  text-transform: uppercase;
}

body #PickUpUI .j0 {
  width: 100%;
  height: 100%;
  display: flex;
  position: relative;
  align-items: center;
  flex-direction: column;
  justify-content: center;
}

body #PickUpUI .j1 {
  display: flex;
  align-items: center;
  justify-content: center;
}

body #PickUpUI .j2 {
  width: 65px;
  height: 65px;
  display: flex;
  position: absolute;
  align-items: center;
  border-radius: 50%;
  animation-name: PU100000--keyframes-pulse-0-2-1;
  justify-content: center;
  background-color: #F5F0FF;
  animation-duration: 1000ms;
  animation-fill-mode: forwards;
  animation-iteration-count: infinite;
  animation-timing-function: ease-out;
}

body #PickUpUI .j3 {
  width: 50px;
  height: 50px;
  display: flex;
  padding: 10px;
  position: relative;
  align-items: center;
  border-radius: 50%;
  justify-content: center;
  background-color: #7A60FF;
}

<div>
  <div
    id="PickUpUI"
  >
    <div
      class="j0"
    >
      <div
        class="j1"
      >
        <div
          class="j2"
        />
        <div
          class="j3"
        >
          <svg
            fill="none"
            height="18"
            viewBox="0 0 15 18"
            width="15"
            xmlns="http://www.w3.org/2000/svg"
          >
            <path
              clip-rule="evenodd"
              d="M8.75469 0L8.28319 6.96H14.4L5.64531 18L6.11681 11.04H0L8.75469 0Z"
              fill="#FFF"
              fill-rule="evenodd"
            />
          </svg>
        </div>
      </div>
      <div
        style="margin-top: 20px;"
      >
        <p
          class="j4 j5 j6"
        >
          Loading
        </p>
      </div>
    </div>
  </div>
</div>
`;
