// Jest Snapshot v1, https://goo.gl/fbAQLP

exports[`Renders and matches snapshot 1`] = `
body #PickUpUI .j7 {
  margin: 0;
  padding: 0;
  position: relative;
  vertical-align: baseline;
  -webkit-font-smoothing: antialiased;
  -moz-osx-font-smoothing: grayscale;
}

body #PickUpUI .j8 {
  color: inherit;
}

body #PickUpUI .j9 {
  color: inherit;
  font-size: 28px;
  font-family: 'Ringside-Condensed', Helvetica, sans-serif;
  font-weight: 600;
  line-height: 34px;
  letter-spacing: 0.1px;
  text-transform: uppercase;
}

body #PickUpUI .j12 {
  color: inherit;
}

body #PickUpUI .j13 {
  color: inherit;
  font-size: 12px;
  font-style: normal;
  font-family: 'Inter', Helvetica, sans-serif;
  font-weight: normal;
  line-height: 18px;
  letter-spacing: 0.1px;
}

body #PickUpUI .j14 {
  color: inherit;
}

body #PickUpUI .j15 {
  color: inherit;
  font-size: 15px;
  font-style: normal;
  font-family: 'Inter', Helvetica, sans-serif;
  font-weight: normal;
  line-height: 24px;
  letter-spacing: 0.1px;
}

body #PickUpUI .j20 {
  width: 100%;
  margin: 8px 0;
  display: flex;
  flex-wrap: wrap;
  align-content: center;
  justify-content: center;
}

body #PickUpUI .j21 {
  flex: 3 0 26%;
  margin: 4px 16px;
  display: flex;
  justify-content: center;
}

body #PickUpUI .j22 {
  width: 100%;
  max-width: 148px;
}

body #PickUpUI .j17 {
  background: #261733;
  color: #FFF;
  border: none;
  height: auto;
  margin: 0px 0px 0px 0px;
  display: flex;
  opacity: 1;
  padding: 0 30px;
  position: relative;
  flex-flow: row nowrap;
  font-size: 18px;
  appearance: none;
  background: linear-gradient(112.25deg, #914EFF -20.38%, #5D1BFF 122.56%);
  min-height: 47px;
  text-align: center;
  transition: opacity 200ms ease-in-out;
  align-items: center;
  font-family: 'Inter', Helvetica, sans-serif;
  line-height: 24px;
  border-radius: 4px;
  letter-spacing: 0.3px;
  text-transform: capitalize;
  justify-content: center;
}

body #PickUpUI .j18 {
  width: auto;
}

body #PickUpUI .j0 {
  color: #2C2933;
  width: 100%;
  text-align: center;
  background-color: #F6F4FF;
}

body #PickUpUI .j1 {
  margin: 0 auto;
  padding: 20px 20px;
  box-sizing: border-box;
}

body #PickUpUI .j2 {
  display: flex;
  flex-direction: column;
}

body #PickUpUI .j3 {
  width: 100%;
  display: flex;
  align-items: center;
  padding-bottom: 8px;
  justify-content: center;
}

body #PickUpUI .j4 {
  height: 100%;
  overflow: hidden;
  border-radius: 4px;
}

body #PickUpUI .j5 {
  height: auto;
  display: block;
  max-width: 100%;
  object-fit: cover;
}

body #PickUpUI .j6 {
  width: 100%;
  display: flex;
  align-items: center;
  flex-direction: column;
  justify-content: center;
}

body #PickUpUI .j10 {
  width: 100%;
  font-size: 30px;
  font-weight: normal;
  line-height: 36px;
}

body #PickUpUI .j11 {
  display: flex;
  flex-direction: row;
}

body #PickUpUI .j16 {
  width: 100%;
  font-size: 13px;
  line-height: 20px;
}

body #PickUpUI .j19 {
  width: 240px;
  font-size: 16px;
  margin-top: 12px;
  font-family: 'Ringside-Condensed', Helvetica, sans-serif;
  font-weight: normal;
  letter-spacing: 1px;
  text-transform: uppercase;
  text-decoration: none;
}

<div>
  <div
    id="PickUpUI"
  >
    <div
      class="j0"
    >
      <div
        class="j1"
      >
        <div
          class="j2"
        >
          <div
            class="j3"
          >
            <div
              class="j4"
            >
              <img
                alt="bowlero"
                class="j5"
                src="https://playpickup.s3.us-east-2.amazonaws.com/away-team/kasper/homebase/prize-images/bowlero_lanes.jpg"
              />
            </div>
          </div>
          <div
            class="j6"
          >
            <h2
              class="j7 j8 j9 j10"
              data-testid="hero-title"
            >
              Hero Title
            </h2>
            <div
              class="j11"
            >
              <p
                class="j7 j12 j13"
              >
                Eyebrow Title | Eyebrow Description
              </p>
            </div>
            <p
              class="j7 j14 j15 j16"
              data-testid="hero-description"
            >
              Hero Description
            </p>
            <a
              class="j17 j18 j19"
              data-testid="pickup-button"
              href="https://www.playpickup.com"
            >
              CTA Button
            </a>
          </div>
        </div>
        <div
          class="j20"
        >
          <div
            class="j21"
          >
            <img
              alt="Image 1"
              class="j22"
              src="https://picsum.photos/125/60"
            />
          </div>
          <div
            class="j21"
          >
            <img
              alt="Image 2"
              class="j22"
              src="https://picsum.photos/125/60"
            />
          </div>
          <div
            class="j21"
          >
            <img
              alt="Image 3"
              class="j22"
              src="https://picsum.photos/125/60"
            />
          </div>
        </div>
      </div>
    </div>
  </div>
</div>
`;
