// Jest Snapshot v1, https://goo.gl/fbAQLP

exports[`Renders and matches snapshot 1`] = `
<div>
  <div
    class="sliderContainer-0-2-1"
  >
    <div
      class="sliderWrapper-0-2-2"
    >
      <div
        class="sliderContentWrapper-0-2-3"
      >
        <div
          class="sliderContent-0-2-4"
          style="transform: translateX(-NaN%);"
        >
          <div
            class="card-0-2-15"
          >
            <div>
              <a
                class="featuredImage-0-2-10"
                title="Chiefs vs. Ravens Who wins?"
              >
                <div
                  style="background-image: url(https://static.clubs.nfl.com/image/private/t_editorial_landscape_12_desktop/ravens/qhsyhehrwlw6he1nfmq0);"
                />
              </a>
            </div>
            <div
              style="max-width: 200px; word-wrap: break-word;"
            >
              <div
                class="publisherRow-0-2-12"
              >
                <img
                  alt="Prime Sports"
                  class="publisherImage-0-2-19"
                  src="https://playpickup.s3.us-east-2.amazonaws.com/away-team/kasper/homebase/prize-images/crossnet-play.jpg"
                />
                <a
                  style="display: inline-block;"
                  title="Prime Sports"
                >
                  <p
                    class="root-0-2-21 root-d3-0-2-27 body-0-2-25 body-0-2-20"
                  >
                    Prime Sports
                  </p>
                </a>
                <span
                  class="root-0-2-21 root-d4-0-2-28 body-0-2-25 body-0-2-20"
                >
                  23m
                </span>
              </div>
              <a
                title="Chiefs vs. Ravens Who wins?"
              >
                <h3
                  class="root-0-2-21 root-d5-0-2-29 heading3-0-2-24 h3-0-2-18"
                >
                  Chiefs vs. Ravens Who wins?
                </h3>
              </a>
              <div
                style="padding: 8px;"
              >
                <button
                  class="root-0-2-30 root-d0-0-2-34 light-0-2-32 button-0-2-17"
                  data-testid="pickup-button"
                >
                  Ravens
                </button>
                <button
                  class="root-0-2-30 root-d1-0-2-35 light-0-2-32 button-0-2-17"
                  data-testid="pickup-button"
                >
                  Chiefs
                </button>
              </div>
              <div
                style="padding: 2px 10px 10px 10px;"
              >
                <div
                  class="container-0-2-38"
                >
                  <div
                    class="timer-0-2-36"
                  >
                    <svg
                      class="timerIcon-0-2-39"
                      fill="none"
                      height="24"
                      viewBox="0 0 24 24"
                      width="24"
                      xmlns="http://www.w3.org/2000/svg"
                    >
                      <path
                        d="M22 5.71999L17.4 1.85999L16.11 3.38999L20.71 7.24999L22 5.71999ZM7.88 3.38999L6.6 1.85999L2 5.70999L3.29 7.23998L7.88 3.38999ZM12.5 7.99999H11V14L15.75 16.85L16.5 15.62L12.5 13.25V7.99999ZM12 3.99999C7.03 3.99999 3 8.02999 3 13C3 17.97 7.02 22 12 22C16.97 22 21 17.97 21 13C21 8.02999 16.97 3.99999 12 3.99999ZM12 20C8.13 20 5 16.87 5 13C5 9.12999 8.13 5.99999 12 5.99999C15.87 5.99999 19 9.12999 19 13C19 16.87 15.87 20 12 20Z"
                        fill="currentColor"
                      />
                    </svg>
                    <span
                      class="closed-0-2-41"
                    >
                      CLOSED
                    </span>
                  </div>
                  <div
                    class="pick-0-2-37"
                  >
                    <svg
                      class="pickedIcon-0-2-40 pickedIcon-d2-0-2-43"
                      fill="none"
                      height="24"
                      viewBox="0 0 24 24"
                      width="24"
                      xmlns="http://www.w3.org/2000/svg"
                    >
                      <path
                        clip-rule="evenodd"
                        d="M13.5118 3.75024L13.0534 10.5167H19.0001L10.4888 21.2498L10.9472 14.4833H5.00049L13.5118 3.75024Z"
                        fill="currentColor"
                        fill-rule="evenodd"
                      />
                    </svg>
                    <span
                      class="picked-0-2-42 picked-d3-0-2-44"
                    >
                      Picked
                    </span>
                  </div>
                </div>
              </div>
            </div>
          </div>
          <div
            class="card-0-2-15"
          >
            <div>
              <a
                class="featuredImage-0-2-10"
                title="Chiefs vs. Ravens Who wins?"
              >
                <div
                  style="background-image: url(https://static.clubs.nfl.com/image/private/t_editorial_landscape_12_desktop/ravens/qhsyhehrwlw6he1nfmq0);"
                />
              </a>
            </div>
            <div
              style="max-width: 200px; word-wrap: break-word;"
            >
              <div
                class="publisherRow-0-2-12"
              >
                <img
                  alt="Prime Sports"
                  class="publisherImage-0-2-19"
                  src="https://playpickup.s3.us-east-2.amazonaws.com/away-team/kasper/homebase/prize-images/crossnet-play.jpg"
                />
                <a
                  style="display: inline-block;"
                  title="Prime Sports"
                >
                  <p
                    class="root-0-2-21 root-d6-0-2-45 body-0-2-25 body-0-2-20"
                  >
                    Prime Sports
                  </p>
                </a>
                <span
                  class="root-0-2-21 root-d7-0-2-46 body-0-2-25 body-0-2-20"
                >
                  23m
                </span>
              </div>
              <a
                title="Chiefs vs. Ravens Who wins?"
              >
                <h3
                  class="root-0-2-21 root-d8-0-2-47 heading3-0-2-24 h3-0-2-18"
                >
                  Chiefs vs. Ravens Who wins?
                </h3>
              </a>
              <div
                style="padding: 8px;"
              >
                <button
                  class="root-0-2-30 root-d2-0-2-48 light-0-2-32 button-0-2-17"
                  data-testid="pickup-button"
                >
                  Ravens
                </button>
                <button
                  class="root-0-2-30 root-d3-0-2-49 light-0-2-32 button-0-2-17"
                  data-testid="pickup-button"
                >
                  Chiefs
                </button>
              </div>
              <div
                style="padding: 2px 10px 10px 10px;"
              >
                <div
                  class="container-0-2-38"
                >
                  <div
                    class="timer-0-2-36"
                  >
                    <svg
                      class="timerIcon-0-2-39"
                      fill="none"
                      height="24"
                      viewBox="0 0 24 24"
                      width="24"
                      xmlns="http://www.w3.org/2000/svg"
                    >
                      <path
                        d="M22 5.71999L17.4 1.85999L16.11 3.38999L20.71 7.24999L22 5.71999ZM7.88 3.38999L6.6 1.85999L2 5.70999L3.29 7.23998L7.88 3.38999ZM12.5 7.99999H11V14L15.75 16.85L16.5 15.62L12.5 13.25V7.99999ZM12 3.99999C7.03 3.99999 3 8.02999 3 13C3 17.97 7.02 22 12 22C16.97 22 21 17.97 21 13C21 8.02999 16.97 3.99999 12 3.99999ZM12 20C8.13 20 5 16.87 5 13C5 9.12999 8.13 5.99999 12 5.99999C15.87 5.99999 19 9.12999 19 13C19 16.87 15.87 20 12 20Z"
                        fill="currentColor"
                      />
                    </svg>
                    <span
                      class="closed-0-2-41"
                    >
                      CLOSED
                    </span>
                  </div>
                  <div
                    class="pick-0-2-37"
                  >
                    <svg
                      class="pickedIcon-0-2-40 pickedIcon-d4-0-2-50"
                      fill="none"
                      height="24"
                      viewBox="0 0 24 24"
                      width="24"
                      xmlns="http://www.w3.org/2000/svg"
                    >
                      <path
                        clip-rule="evenodd"
                        d="M13.5118 3.75024L13.0534 10.5167H19.0001L10.4888 21.2498L10.9472 14.4833H5.00049L13.5118 3.75024Z"
                        fill="currentColor"
                        fill-rule="evenodd"
                      />
                    </svg>
                    <span
                      class="picked-0-2-42 picked-d5-0-2-51"
                    >
                      Picked
                    </span>
                  </div>
                </div>
              </div>
            </div>
          </div>
          <div
            class="card-0-2-15"
          >
            <div>
              <a
                class="featuredImage-0-2-10"
                title="Chiefs vs. Ravens Who wins?"
              >
                <div
                  style="background-image: url(https://static.clubs.nfl.com/image/private/t_editorial_landscape_12_desktop/ravens/qhsyhehrwlw6he1nfmq0);"
                />
              </a>
            </div>
            <div
              style="max-width: 200px; word-wrap: break-word;"
            >
              <div
                class="publisherRow-0-2-12"
              >
                <img
                  alt="Prime Sports"
                  class="publisherImage-0-2-19"
                  src="https://playpickup.s3.us-east-2.amazonaws.com/away-team/kasper/homebase/prize-images/crossnet-play.jpg"
                />
                <a
                  style="display: inline-block;"
                  title="Prime Sports"
                >
                  <p
                    class="root-0-2-21 root-d9-0-2-52 body-0-2-25 body-0-2-20"
                  >
                    Prime Sports
                  </p>
                </a>
                <span
                  class="root-0-2-21 root-d10-0-2-53 body-0-2-25 body-0-2-20"
                >
                  23m
                </span>
              </div>
              <a
                title="Chiefs vs. Ravens Who wins?"
              >
                <h3
                  class="root-0-2-21 root-d11-0-2-54 heading3-0-2-24 h3-0-2-18"
                >
                  Chiefs vs. Ravens Who wins?
                </h3>
              </a>
              <div
                style="padding: 8px;"
              >
                <button
                  class="root-0-2-30 root-d4-0-2-55 light-0-2-32 button-0-2-17"
                  data-testid="pickup-button"
                >
                  Ravens
                </button>
                <button
                  class="root-0-2-30 root-d5-0-2-56 light-0-2-32 button-0-2-17"
                  data-testid="pickup-button"
                >
                  Chiefs
                </button>
              </div>
              <div
                style="padding: 2px 10px 10px 10px;"
              >
                <div
                  class="container-0-2-38"
                >
                  <div
                    class="timer-0-2-36"
                  >
                    <svg
                      class="timerIcon-0-2-39"
                      fill="none"
                      height="24"
                      viewBox="0 0 24 24"
                      width="24"
                      xmlns="http://www.w3.org/2000/svg"
                    >
                      <path
                        d="M22 5.71999L17.4 1.85999L16.11 3.38999L20.71 7.24999L22 5.71999ZM7.88 3.38999L6.6 1.85999L2 5.70999L3.29 7.23998L7.88 3.38999ZM12.5 7.99999H11V14L15.75 16.85L16.5 15.62L12.5 13.25V7.99999ZM12 3.99999C7.03 3.99999 3 8.02999 3 13C3 17.97 7.02 22 12 22C16.97 22 21 17.97 21 13C21 8.02999 16.97 3.99999 12 3.99999ZM12 20C8.13 20 5 16.87 5 13C5 9.12999 8.13 5.99999 12 5.99999C15.87 5.99999 19 9.12999 19 13C19 16.87 15.87 20 12 20Z"
                        fill="currentColor"
                      />
                    </svg>
                    <span
                      class="closed-0-2-41"
                    >
                      CLOSED
                    </span>
                  </div>
                  <div
                    class="pick-0-2-37"
                  >
                    <svg
                      class="pickedIcon-0-2-40 pickedIcon-d6-0-2-57"
                      fill="none"
                      height="24"
                      viewBox="0 0 24 24"
                      width="24"
                      xmlns="http://www.w3.org/2000/svg"
                    >
                      <path
                        clip-rule="evenodd"
                        d="M13.5118 3.75024L13.0534 10.5167H19.0001L10.4888 21.2498L10.9472 14.4833H5.00049L13.5118 3.75024Z"
                        fill="currentColor"
                        fill-rule="evenodd"
                      />
                    </svg>
                    <span
                      class="picked-0-2-42 picked-d7-0-2-58"
                    >
                      Picked
                    </span>
                  </div>
                </div>
              </div>
            </div>
          </div>
          <div
            class="card-0-2-15"
          >
            <div>
              <a
                class="featuredImage-0-2-10"
                title="Chiefs vs. Ravens Who wins?"
              >
                <div
                  style="background-image: url(https://static.clubs.nfl.com/image/private/t_editorial_landscape_12_desktop/ravens/qhsyhehrwlw6he1nfmq0);"
                />
              </a>
            </div>
            <div
              style="max-width: 200px; word-wrap: break-word;"
            >
              <div
                class="publisherRow-0-2-12"
              >
                <img
                  alt="Prime Sports"
                  class="publisherImage-0-2-19"
                  src="https://playpickup.s3.us-east-2.amazonaws.com/away-team/kasper/homebase/prize-images/crossnet-play.jpg"
                />
                <a
                  style="display: inline-block;"
                  title="Prime Sports"
                >
                  <p
                    class="root-0-2-21 root-d12-0-2-59 body-0-2-25 body-0-2-20"
                  >
                    Prime Sports
                  </p>
                </a>
                <span
                  class="root-0-2-21 root-d13-0-2-60 body-0-2-25 body-0-2-20"
                >
                  23m
                </span>
              </div>
              <a
                title="Chiefs vs. Ravens Who wins?"
              >
                <h3
                  class="root-0-2-21 root-d14-0-2-61 heading3-0-2-24 h3-0-2-18"
                >
                  Chiefs vs. Ravens Who wins?
                </h3>
              </a>
              <div
                style="padding: 8px;"
              >
                <button
                  class="root-0-2-30 root-d6-0-2-62 light-0-2-32 button-0-2-17"
                  data-testid="pickup-button"
                >
                  Ravens
                </button>
                <button
                  class="root-0-2-30 root-d7-0-2-63 light-0-2-32 button-0-2-17"
                  data-testid="pickup-button"
                >
                  Chiefs
                </button>
              </div>
              <div
                style="padding: 2px 10px 10px 10px;"
              >
                <div
                  class="container-0-2-38"
                >
                  <div
                    class="timer-0-2-36"
                  >
                    <svg
                      class="timerIcon-0-2-39"
                      fill="none"
                      height="24"
                      viewBox="0 0 24 24"
                      width="24"
                      xmlns="http://www.w3.org/2000/svg"
                    >
                      <path
                        d="M22 5.71999L17.4 1.85999L16.11 3.38999L20.71 7.24999L22 5.71999ZM7.88 3.38999L6.6 1.85999L2 5.70999L3.29 7.23998L7.88 3.38999ZM12.5 7.99999H11V14L15.75 16.85L16.5 15.62L12.5 13.25V7.99999ZM12 3.99999C7.03 3.99999 3 8.02999 3 13C3 17.97 7.02 22 12 22C16.97 22 21 17.97 21 13C21 8.02999 16.97 3.99999 12 3.99999ZM12 20C8.13 20 5 16.87 5 13C5 9.12999 8.13 5.99999 12 5.99999C15.87 5.99999 19 9.12999 19 13C19 16.87 15.87 20 12 20Z"
                        fill="currentColor"
                      />
                    </svg>
                    <span
                      class="closed-0-2-41"
                    >
                      CLOSED
                    </span>
                  </div>
                  <div
                    class="pick-0-2-37"
                  >
                    <svg
                      class="pickedIcon-0-2-40 pickedIcon-d8-0-2-64"
                      fill="none"
                      height="24"
                      viewBox="0 0 24 24"
                      width="24"
                      xmlns="http://www.w3.org/2000/svg"
                    >
                      <path
                        clip-rule="evenodd"
                        d="M13.5118 3.75024L13.0534 10.5167H19.0001L10.4888 21.2498L10.9472 14.4833H5.00049L13.5118 3.75024Z"
                        fill="currentColor"
                        fill-rule="evenodd"
                      />
                    </svg>
                    <span
                      class="picked-0-2-42 picked-d9-0-2-65"
                    >
                      Picked
                    </span>
                  </div>
                </div>
              </div>
            </div>
          </div>
          <div
            class="card-0-2-15"
          >
            <div>
              <a
                class="featuredImage-0-2-10"
                title="Chiefs vs. Ravens Who wins?"
              >
                <div
                  style="background-image: url(https://static.clubs.nfl.com/image/private/t_editorial_landscape_12_desktop/ravens/qhsyhehrwlw6he1nfmq0);"
                />
              </a>
            </div>
            <div
              style="max-width: 200px; word-wrap: break-word;"
            >
              <div
                class="publisherRow-0-2-12"
              >
                <img
                  alt="Prime Sports"
                  class="publisherImage-0-2-19"
                  src="https://playpickup.s3.us-east-2.amazonaws.com/away-team/kasper/homebase/prize-images/crossnet-play.jpg"
                />
                <a
                  style="display: inline-block;"
                  title="Prime Sports"
                >
                  <p
                    class="root-0-2-21 root-d15-0-2-66 body-0-2-25 body-0-2-20"
                  >
                    Prime Sports
                  </p>
                </a>
                <span
                  class="root-0-2-21 root-d16-0-2-67 body-0-2-25 body-0-2-20"
                >
                  23m
                </span>
              </div>
              <a
                title="Chiefs vs. Ravens Who wins?"
              >
                <h3
                  class="root-0-2-21 root-d17-0-2-68 heading3-0-2-24 h3-0-2-18"
                >
                  Chiefs vs. Ravens Who wins?
                </h3>
              </a>
              <div
                style="padding: 8px;"
              >
                <button
                  class="root-0-2-30 root-d8-0-2-69 light-0-2-32 button-0-2-17"
                  data-testid="pickup-button"
                >
                  Ravens
                </button>
                <button
                  class="root-0-2-30 root-d9-0-2-70 light-0-2-32 button-0-2-17"
                  data-testid="pickup-button"
                >
                  Chiefs
                </button>
              </div>
              <div
                style="padding: 2px 10px 10px 10px;"
              >
                <div
                  class="container-0-2-38"
                >
                  <div
                    class="timer-0-2-36"
                  >
                    <svg
                      class="timerIcon-0-2-39"
                      fill="none"
                      height="24"
                      viewBox="0 0 24 24"
                      width="24"
                      xmlns="http://www.w3.org/2000/svg"
                    >
                      <path
                        d="M22 5.71999L17.4 1.85999L16.11 3.38999L20.71 7.24999L22 5.71999ZM7.88 3.38999L6.6 1.85999L2 5.70999L3.29 7.23998L7.88 3.38999ZM12.5 7.99999H11V14L15.75 16.85L16.5 15.62L12.5 13.25V7.99999ZM12 3.99999C7.03 3.99999 3 8.02999 3 13C3 17.97 7.02 22 12 22C16.97 22 21 17.97 21 13C21 8.02999 16.97 3.99999 12 3.99999ZM12 20C8.13 20 5 16.87 5 13C5 9.12999 8.13 5.99999 12 5.99999C15.87 5.99999 19 9.12999 19 13C19 16.87 15.87 20 12 20Z"
                        fill="currentColor"
                      />
                    </svg>
                    <span
                      class="closed-0-2-41"
                    >
                      CLOSED
                    </span>
                  </div>
                  <div
                    class="pick-0-2-37"
                  >
                    <svg
                      class="pickedIcon-0-2-40 pickedIcon-d10-0-2-71"
                      fill="none"
                      height="24"
                      viewBox="0 0 24 24"
                      width="24"
                      xmlns="http://www.w3.org/2000/svg"
                    >
                      <path
                        clip-rule="evenodd"
                        d="M13.5118 3.75024L13.0534 10.5167H19.0001L10.4888 21.2498L10.9472 14.4833H5.00049L13.5118 3.75024Z"
                        fill="currentColor"
                        fill-rule="evenodd"
                      />
                    </svg>
                    <span
                      class="picked-0-2-42 picked-d11-0-2-72"
                    >
                      Picked
                    </span>
                  </div>
                </div>
              </div>
            </div>
          </div>
          <div
            class="card-0-2-15"
          >
            <div>
              <a
                class="featuredImage-0-2-10"
                title="Chiefs vs. Ravens Who wins?"
              >
                <div
                  style="background-image: url(https://static.clubs.nfl.com/image/private/t_editorial_landscape_12_desktop/ravens/qhsyhehrwlw6he1nfmq0);"
                />
              </a>
            </div>
            <div
              style="max-width: 200px; word-wrap: break-word;"
            >
              <div
                class="publisherRow-0-2-12"
              >
                <img
                  alt="Prime Sports"
                  class="publisherImage-0-2-19"
                  src="https://playpickup.s3.us-east-2.amazonaws.com/away-team/kasper/homebase/prize-images/crossnet-play.jpg"
                />
                <a
                  style="display: inline-block;"
                  title="Prime Sports"
                >
                  <p
                    class="root-0-2-21 root-d18-0-2-73 body-0-2-25 body-0-2-20"
                  >
                    Prime Sports
                  </p>
                </a>
                <span
                  class="root-0-2-21 root-d19-0-2-74 body-0-2-25 body-0-2-20"
                >
                  23m
                </span>
              </div>
              <a
                title="Chiefs vs. Ravens Who wins?"
              >
                <h3
                  class="root-0-2-21 root-d20-0-2-75 heading3-0-2-24 h3-0-2-18"
                >
                  Chiefs vs. Ravens Who wins?
                </h3>
              </a>
              <div
                style="padding: 8px;"
              >
                <button
                  class="root-0-2-30 root-d10-0-2-76 light-0-2-32 button-0-2-17"
                  data-testid="pickup-button"
                >
                  Ravens
                </button>
                <button
                  class="root-0-2-30 root-d11-0-2-77 light-0-2-32 button-0-2-17"
                  data-testid="pickup-button"
                >
                  Chiefs
                </button>
              </div>
              <div
                style="padding: 2px 10px 10px 10px;"
              >
                <div
                  class="container-0-2-38"
                >
                  <div
                    class="timer-0-2-36"
                  >
                    <svg
                      class="timerIcon-0-2-39"
                      fill="none"
                      height="24"
                      viewBox="0 0 24 24"
                      width="24"
                      xmlns="http://www.w3.org/2000/svg"
                    >
                      <path
                        d="M22 5.71999L17.4 1.85999L16.11 3.38999L20.71 7.24999L22 5.71999ZM7.88 3.38999L6.6 1.85999L2 5.70999L3.29 7.23998L7.88 3.38999ZM12.5 7.99999H11V14L15.75 16.85L16.5 15.62L12.5 13.25V7.99999ZM12 3.99999C7.03 3.99999 3 8.02999 3 13C3 17.97 7.02 22 12 22C16.97 22 21 17.97 21 13C21 8.02999 16.97 3.99999 12 3.99999ZM12 20C8.13 20 5 16.87 5 13C5 9.12999 8.13 5.99999 12 5.99999C15.87 5.99999 19 9.12999 19 13C19 16.87 15.87 20 12 20Z"
                        fill="currentColor"
                      />
                    </svg>
                    <span
                      class="closed-0-2-41"
                    >
                      CLOSED
                    </span>
                  </div>
                  <div
                    class="pick-0-2-37"
                  >
                    <svg
                      class="pickedIcon-0-2-40 pickedIcon-d12-0-2-78"
                      fill="none"
                      height="24"
                      viewBox="0 0 24 24"
                      width="24"
                      xmlns="http://www.w3.org/2000/svg"
                    >
                      <path
                        clip-rule="evenodd"
                        d="M13.5118 3.75024L13.0534 10.5167H19.0001L10.4888 21.2498L10.9472 14.4833H5.00049L13.5118 3.75024Z"
                        fill="currentColor"
                        fill-rule="evenodd"
                      />
                    </svg>
                    <span
                      class="picked-0-2-42 picked-d13-0-2-79"
                    >
                      Picked
                    </span>
                  </div>
                </div>
              </div>
            </div>
          </div>
          <div
            class="card-0-2-15"
          >
            <div>
              <a
                class="featuredImage-0-2-10"
                title="Chiefs vs. Ravens Who wins?"
              >
                <div
                  style="background-image: url(https://static.clubs.nfl.com/image/private/t_editorial_landscape_12_desktop/ravens/qhsyhehrwlw6he1nfmq0);"
                />
              </a>
            </div>
            <div
              style="max-width: 200px; word-wrap: break-word;"
            >
              <div
                class="publisherRow-0-2-12"
              >
                <img
                  alt="Prime Sports"
                  class="publisherImage-0-2-19"
                  src="https://playpickup.s3.us-east-2.amazonaws.com/away-team/kasper/homebase/prize-images/crossnet-play.jpg"
                />
                <a
                  style="display: inline-block;"
                  title="Prime Sports"
                >
                  <p
                    class="root-0-2-21 root-d21-0-2-80 body-0-2-25 body-0-2-20"
                  >
                    Prime Sports
                  </p>
                </a>
                <span
                  class="root-0-2-21 root-d22-0-2-81 body-0-2-25 body-0-2-20"
                >
                  23m
                </span>
              </div>
              <a
                title="Chiefs vs. Ravens Who wins?"
              >
                <h3
                  class="root-0-2-21 root-d23-0-2-82 heading3-0-2-24 h3-0-2-18"
                >
                  Chiefs vs. Ravens Who wins?
                </h3>
              </a>
              <div
                style="padding: 8px;"
              >
                <button
                  class="root-0-2-30 root-d12-0-2-83 light-0-2-32 button-0-2-17"
                  data-testid="pickup-button"
                >
                  Ravens
                </button>
                <button
                  class="root-0-2-30 root-d13-0-2-84 light-0-2-32 button-0-2-17"
                  data-testid="pickup-button"
                >
                  Chiefs
                </button>
              </div>
              <div
                style="padding: 2px 10px 10px 10px;"
              >
                <div
                  class="container-0-2-38"
                >
                  <div
                    class="timer-0-2-36"
                  >
                    <svg
                      class="timerIcon-0-2-39"
                      fill="none"
                      height="24"
                      viewBox="0 0 24 24"
                      width="24"
                      xmlns="http://www.w3.org/2000/svg"
                    >
                      <path
                        d="M22 5.71999L17.4 1.85999L16.11 3.38999L20.71 7.24999L22 5.71999ZM7.88 3.38999L6.6 1.85999L2 5.70999L3.29 7.23998L7.88 3.38999ZM12.5 7.99999H11V14L15.75 16.85L16.5 15.62L12.5 13.25V7.99999ZM12 3.99999C7.03 3.99999 3 8.02999 3 13C3 17.97 7.02 22 12 22C16.97 22 21 17.97 21 13C21 8.02999 16.97 3.99999 12 3.99999ZM12 20C8.13 20 5 16.87 5 13C5 9.12999 8.13 5.99999 12 5.99999C15.87 5.99999 19 9.12999 19 13C19 16.87 15.87 20 12 20Z"
                        fill="currentColor"
                      />
                    </svg>
                    <span
                      class="closed-0-2-41"
                    >
                      CLOSED
                    </span>
                  </div>
                  <div
                    class="pick-0-2-37"
                  >
                    <svg
                      class="pickedIcon-0-2-40 pickedIcon-d14-0-2-85"
                      fill="none"
                      height="24"
                      viewBox="0 0 24 24"
                      width="24"
                      xmlns="http://www.w3.org/2000/svg"
                    >
                      <path
                        clip-rule="evenodd"
                        d="M13.5118 3.75024L13.0534 10.5167H19.0001L10.4888 21.2498L10.9472 14.4833H5.00049L13.5118 3.75024Z"
                        fill="currentColor"
                        fill-rule="evenodd"
                      />
                    </svg>
                    <span
                      class="picked-0-2-42 picked-d15-0-2-86"
                    >
                      Picked
                    </span>
                  </div>
                </div>
              </div>
            </div>
          </div>
          <div
            class="card-0-2-15"
          >
            <div>
              <a
                class="featuredImage-0-2-10"
                title="Chiefs vs. Ravens Who wins?"
              >
                <div
                  style="background-image: url(https://static.clubs.nfl.com/image/private/t_editorial_landscape_12_desktop/ravens/qhsyhehrwlw6he1nfmq0);"
                />
              </a>
            </div>
            <div
              style="max-width: 200px; word-wrap: break-word;"
            >
              <div
                class="publisherRow-0-2-12"
              >
                <img
                  alt="Prime Sports"
                  class="publisherImage-0-2-19"
                  src="https://playpickup.s3.us-east-2.amazonaws.com/away-team/kasper/homebase/prize-images/crossnet-play.jpg"
                />
                <a
                  style="display: inline-block;"
                  title="Prime Sports"
                >
                  <p
                    class="root-0-2-21 root-d24-0-2-87 body-0-2-25 body-0-2-20"
                  >
                    Prime Sports
                  </p>
                </a>
                <span
                  class="root-0-2-21 root-d25-0-2-88 body-0-2-25 body-0-2-20"
                >
                  23m
                </span>
              </div>
              <a
                title="Chiefs vs. Ravens Who wins?"
              >
                <h3
                  class="root-0-2-21 root-d26-0-2-89 heading3-0-2-24 h3-0-2-18"
                >
                  Chiefs vs. Ravens Who wins?
                </h3>
              </a>
              <div
                style="padding: 8px;"
              >
                <button
                  class="root-0-2-30 root-d14-0-2-90 light-0-2-32 button-0-2-17"
                  data-testid="pickup-button"
                >
                  Ravens
                </button>
                <button
                  class="root-0-2-30 root-d15-0-2-91 light-0-2-32 button-0-2-17"
                  data-testid="pickup-button"
                >
                  Chiefs
                </button>
              </div>
              <div
                style="padding: 2px 10px 10px 10px;"
              >
                <div
                  class="container-0-2-38"
                >
                  <div
                    class="timer-0-2-36"
                  >
                    <svg
                      class="timerIcon-0-2-39"
                      fill="none"
                      height="24"
                      viewBox="0 0 24 24"
                      width="24"
                      xmlns="http://www.w3.org/2000/svg"
                    >
                      <path
                        d="M22 5.71999L17.4 1.85999L16.11 3.38999L20.71 7.24999L22 5.71999ZM7.88 3.38999L6.6 1.85999L2 5.70999L3.29 7.23998L7.88 3.38999ZM12.5 7.99999H11V14L15.75 16.85L16.5 15.62L12.5 13.25V7.99999ZM12 3.99999C7.03 3.99999 3 8.02999 3 13C3 17.97 7.02 22 12 22C16.97 22 21 17.97 21 13C21 8.02999 16.97 3.99999 12 3.99999ZM12 20C8.13 20 5 16.87 5 13C5 9.12999 8.13 5.99999 12 5.99999C15.87 5.99999 19 9.12999 19 13C19 16.87 15.87 20 12 20Z"
                        fill="currentColor"
                      />
                    </svg>
                    <span
                      class="closed-0-2-41"
                    >
                      CLOSED
                    </span>
                  </div>
                  <div
                    class="pick-0-2-37"
                  >
                    <svg
                      class="pickedIcon-0-2-40 pickedIcon-d16-0-2-92"
                      fill="none"
                      height="24"
                      viewBox="0 0 24 24"
                      width="24"
                      xmlns="http://www.w3.org/2000/svg"
                    >
                      <path
                        clip-rule="evenodd"
                        d="M13.5118 3.75024L13.0534 10.5167H19.0001L10.4888 21.2498L10.9472 14.4833H5.00049L13.5118 3.75024Z"
                        fill="currentColor"
                        fill-rule="evenodd"
                      />
                    </svg>
                    <span
                      class="picked-0-2-42 picked-d17-0-2-93"
                    >
                      Picked
                    </span>
                  </div>
                </div>
              </div>
            </div>
          </div>
        </div>
      </div>
    </div>
  </div>
</div>
`;
