// Jest Snapshot v1, https://goo.gl/fbAQLP

exports[`Renders without crashing, matches snapshot 1`] = `
<div>
  <div
    id="PickUpUI"
  >
    <div
      data-testid="formError"
      style="margin-top: 4px;"
    >
      <p
        class="PU-14020-root-0-2-1 PU-14020-root-d6-0-2-10 PU-14020-body-0-2-8"
      >
        This error should render
      </p>
    </div>
  </div>
</div>
`;
