// Jest Snapshot v1, https://goo.gl/fbAQLP

exports[`DataTable renders without crashing, matches snapshot 1`] = `
<div>
  <div
    class="makeStyles-root-1"
  >
    <div
      class="MuiPaper-root makeStyles-paper-2 MuiPaper-elevation1 MuiPaper-rounded"
    >
      <div
        class="MuiToolbar-root MuiToolbar-regular makeStyles-root-6 MuiToolbar-gutters"
      >
        <div
          class="MuiTypography-root makeStyles-title-8 MuiTypography-h6"
          id="tableTitle"
        >
          Homebase Posts
        </div>
      </div>
      <div
        class="MuiTableContainer-root"
      >
        <table
          aria-label="enhanced table"
          aria-labelledby="Homebase Posts"
          class="MuiTable-root makeStyles-table-3"
        >
          <thead
            class="MuiTableHead-root"
          >
            <tr
              class="MuiTableRow-root MuiTableRow-head"
            >
              <th
                class="MuiTableCell-root MuiTableCell-head MuiTableCell-paddingCheckbox"
                scope="col"
              >
                <span
                  aria-disabled="false"
                  class="MuiButtonBase-root MuiIconButton-root PrivateSwitchBase-root-9 MuiCheckbox-root MuiCheckbox-colorPrimary MuiIconButton-colorPrimary"
                >
                  <span
                    class="MuiIconButton-label"
                  >
                    <input
                      aria-label="select all"
                      class="PrivateSwitchBase-input-12"
                      data-indeterminate="false"
                      type="checkbox"
                      value=""
                    />
                    <svg
                      aria-hidden="true"
                      class="MuiSvgIcon-root"
                      focusable="false"
                      viewBox="0 0 24 24"
                    >
                      <path
                        d="M19 5v14H5V5h14m0-2H5c-1.1 0-2 .9-2 2v14c0 1.1.9 2 2 2h14c1.1 0 2-.9 2-2V5c0-1.1-.9-2-2-2z"
                      />
                    </svg>
                  </span>
                  <span
                    class="MuiTouchRipple-root"
                  />
                </span>
              </th>
              <th
                aria-sort="ascending"
                class="MuiTableCell-root MuiTableCell-head MuiTableCell-paddingNone"
                scope="col"
              >
                <span
                  aria-disabled="false"
                  class="MuiButtonBase-root MuiTableSortLabel-root MuiTableSortLabel-active"
                  role="button"
                  style="font-size: 14px; font-weight: bold;"
                  tabindex="0"
                >
                  ID
                  <span
                    class="makeStyles-visuallyHidden-4"
                  >
                    sorted ascending
                  </span>
                  <svg
                    aria-hidden="true"
                    class="MuiSvgIcon-root MuiTableSortLabel-icon MuiTableSortLabel-iconDirectionAsc"
                    focusable="false"
                    viewBox="0 0 24 24"
                  >
                    <path
                      d="M20 12l-1.41-1.41L13 16.17V4h-2v12.17l-5.58-5.59L4 12l8 8 8-8z"
                    />
                  </svg>
                </span>
              </th>
              <th
                class="MuiTableCell-root MuiTableCell-head"
                scope="col"
                width="120"
              >
                <span
                  aria-disabled="false"
                  class="MuiButtonBase-root MuiTableSortLabel-root"
                  role="button"
                  style="font-size: 14px; font-weight: bold;"
                  tabindex="0"
                >
                  Title
                  <svg
                    aria-hidden="true"
                    class="MuiSvgIcon-root MuiTableSortLabel-icon MuiTableSortLabel-iconDirectionAsc"
                    focusable="false"
                    viewBox="0 0 24 24"
                  >
                    <path
                      d="M20 12l-1.41-1.41L13 16.17V4h-2v12.17l-5.58-5.59L4 12l8 8 8-8z"
                    />
                  </svg>
                </span>
              </th>
              <th
                class="MuiTableCell-root MuiTableCell-head"
                scope="col"
              >
                <span
                  aria-disabled="false"
                  class="MuiButtonBase-root MuiTableSortLabel-root"
                  role="button"
                  style="font-size: 14px; font-weight: bold;"
                  tabindex="0"
                >
                  League
                  <svg
                    aria-hidden="true"
                    class="MuiSvgIcon-root MuiTableSortLabel-icon MuiTableSortLabel-iconDirectionAsc"
                    focusable="false"
                    viewBox="0 0 24 24"
                  >
                    <path
                      d="M20 12l-1.41-1.41L13 16.17V4h-2v12.17l-5.58-5.59L4 12l8 8 8-8z"
                    />
                  </svg>
                </span>
              </th>
              <th
                class="MuiTableCell-root MuiTableCell-head MuiTableCell-paddingNone"
                scope="col"
                width="100"
              >
                <span
                  aria-disabled="false"
                  class="MuiButtonBase-root MuiTableSortLabel-root"
                  role="button"
                  style="font-size: 14px; font-weight: bold;"
                  tabindex="0"
                >
                  Prop ID
                  <svg
                    aria-hidden="true"
                    class="MuiSvgIcon-root MuiTableSortLabel-icon MuiTableSortLabel-iconDirectionAsc"
                    focusable="false"
                    viewBox="0 0 24 24"
                  >
                    <path
                      d="M20 12l-1.41-1.41L13 16.17V4h-2v12.17l-5.58-5.59L4 12l8 8 8-8z"
                    />
                  </svg>
                </span>
              </th>
              <th
                class="MuiTableCell-root MuiTableCell-head"
                scope="col"
              >
                <span
                  aria-disabled="false"
                  class="MuiButtonBase-root MuiTableSortLabel-root"
                  role="button"
                  style="font-size: 14px; font-weight: bold;"
                  tabindex="0"
                >
                  Article URL
                  <svg
                    aria-hidden="true"
                    class="MuiSvgIcon-root MuiTableSortLabel-icon MuiTableSortLabel-iconDirectionAsc"
                    focusable="false"
                    viewBox="0 0 24 24"
                  >
                    <path
                      d="M20 12l-1.41-1.41L13 16.17V4h-2v12.17l-5.58-5.59L4 12l8 8 8-8z"
                    />
                  </svg>
                </span>
              </th>
              <th
                class="MuiTableCell-root MuiTableCell-head"
                scope="col"
              >
                <span
                  aria-disabled="false"
                  class="MuiButtonBase-root MuiTableSortLabel-root"
                  role="button"
                  style="font-size: 14px; font-weight: bold;"
                  tabindex="0"
                >
                  Headline
                  <svg
                    aria-hidden="true"
                    class="MuiSvgIcon-root MuiTableSortLabel-icon MuiTableSortLabel-iconDirectionAsc"
                    focusable="false"
                    viewBox="0 0 24 24"
                  >
                    <path
                      d="M20 12l-1.41-1.41L13 16.17V4h-2v12.17l-5.58-5.59L4 12l8 8 8-8z"
                    />
                  </svg>
                </span>
              </th>
              <th
                class="MuiTableCell-root MuiTableCell-head"
                scope="col"
              >
                <span
                  aria-disabled="false"
                  class="MuiButtonBase-root MuiTableSortLabel-root"
                  role="button"
                  style="font-size: 14px; font-weight: bold;"
                  tabindex="0"
                >
                  Excerpt
                  <svg
                    aria-hidden="true"
                    class="MuiSvgIcon-root MuiTableSortLabel-icon MuiTableSortLabel-iconDirectionAsc"
                    focusable="false"
                    viewBox="0 0 24 24"
                  >
                    <path
                      d="M20 12l-1.41-1.41L13 16.17V4h-2v12.17l-5.58-5.59L4 12l8 8 8-8z"
                    />
                  </svg>
                </span>
              </th>
              <th
                class="MuiTableCell-root MuiTableCell-head"
                scope="col"
              >
                <span
                  aria-disabled="false"
                  class="MuiButtonBase-root MuiTableSortLabel-root"
                  role="button"
                  style="font-size: 14px; font-weight: bold;"
                  tabindex="0"
                >
                  Featured Image
                  <svg
                    aria-hidden="true"
                    class="MuiSvgIcon-root MuiTableSortLabel-icon MuiTableSortLabel-iconDirectionAsc"
                    focusable="false"
                    viewBox="0 0 24 24"
                  >
                    <path
                      d="M20 12l-1.41-1.41L13 16.17V4h-2v12.17l-5.58-5.59L4 12l8 8 8-8z"
                    />
                  </svg>
                </span>
              </th>
              <th
                class="MuiTableCell-root MuiTableCell-head"
                scope="col"
              >
                <span
                  aria-disabled="false"
                  class="MuiButtonBase-root MuiTableSortLabel-root"
                  role="button"
                  style="font-size: 14px; font-weight: bold;"
                  tabindex="0"
                >
                  Publish Date
                  <svg
                    aria-hidden="true"
                    class="MuiSvgIcon-root MuiTableSortLabel-icon MuiTableSortLabel-iconDirectionAsc"
                    focusable="false"
                    viewBox="0 0 24 24"
                  >
                    <path
                      d="M20 12l-1.41-1.41L13 16.17V4h-2v12.17l-5.58-5.59L4 12l8 8 8-8z"
                    />
                  </svg>
                </span>
              </th>
              <th
                class="MuiTableCell-root MuiTableCell-head"
                scope="col"
              >
                <span
                  aria-disabled="false"
                  class="MuiButtonBase-root MuiTableSortLabel-root"
                  role="button"
                  style="font-size: 14px; font-weight: bold;"
                  tabindex="0"
                >
                  Updated Date
                  <svg
                    aria-hidden="true"
                    class="MuiSvgIcon-root MuiTableSortLabel-icon MuiTableSortLabel-iconDirectionAsc"
                    focusable="false"
                    viewBox="0 0 24 24"
                  >
                    <path
                      d="M20 12l-1.41-1.41L13 16.17V4h-2v12.17l-5.58-5.59L4 12l8 8 8-8z"
                    />
                  </svg>
                </span>
              </th>
            </tr>
          </thead>
          <tbody
            class="MuiTableBody-root"
          >
            <tr
              aria-checked="false"
              class="MuiTableRow-root MuiTableRow-hover makeStyles-rowOverrides-5"
              role="checkbox"
              tabindex="-1"
            >
              <td
                class="MuiTableCell-root MuiTableCell-body MuiTableCell-paddingCheckbox"
              >
                <span
                  aria-disabled="false"
                  class="MuiButtonBase-root MuiIconButton-root PrivateSwitchBase-root-9 MuiCheckbox-root MuiCheckbox-colorPrimary MuiIconButton-colorPrimary"
                >
                  <span
                    class="MuiIconButton-label"
                  >
                    <input
                      aria-labelledby="enhanced-table-checkbox-0"
                      class="PrivateSwitchBase-input-12"
                      data-indeterminate="false"
                      type="checkbox"
                      value=""
                    />
                    <svg
                      aria-hidden="true"
                      class="MuiSvgIcon-root"
                      focusable="false"
                      viewBox="0 0 24 24"
                    >
                      <path
                        d="M19 5v14H5V5h14m0-2H5c-1.1 0-2 .9-2 2v14c0 1.1.9 2 2 2h14c1.1 0 2-.9 2-2V5c0-1.1-.9-2-2-2z"
                      />
                    </svg>
                  </span>
                  <span
                    class="MuiTouchRipple-root"
                  />
                </span>
              </td>
              <th
                class="MuiTableCell-root MuiTableCell-body MuiTableCell-paddingNone"
                id="enhanced-table-checkbox-0"
                role="cell"
                scope="row"
                style="font-size: 12px;"
              >
                23
              </th>
              <td
                class="MuiTableCell-root MuiTableCell-body MuiTableCell-alignLeft"
                style="font-size: 12px;"
              >
                Will the Cleveland Indians win the World Series?
              </td>
              <td
                class="MuiTableCell-root MuiTableCell-body MuiTableCell-alignLeft"
                style="font-size: 12px;"
              >
                MLB
              </td>
              <td
                class="MuiTableCell-root MuiTableCell-body MuiTableCell-alignLeft"
                style="font-size: 12px;"
              >
                3923
              </td>
              <td
                class="MuiTableCell-root MuiTableCell-body MuiTableCell-alignLeft"
                style="font-size: 12px;"
              >
                http://thetribe.net/2021/01/04/ranking-cleveland-indians-outfield-power
              </td>
              <td
                class="MuiTableCell-root MuiTableCell-body MuiTableCell-alignLeft"
                style="font-size: 12px;"
              >
                Ranking the Cleveland Baseball team's outfield power
              </td>
              <td
                class="MuiTableCell-root MuiTableCell-body MuiTableCell-alignLeft"
                style="font-size: 12px;"
              >
                It's no secret that Cleveland has come up short the past few years, but will a weak offseason help?
              </td>
              <td
                class="MuiTableCell-root MuiTableCell-body MuiTableCell-alignLeft"
                style="font-size: 12px;"
              >
                https://aws.bucket.fake.pickup/1299091083.jpg
              </td>
              <td
                class="MuiTableCell-root MuiTableCell-body MuiTableCell-alignLeft"
                style="font-size: 12px;"
              >
                Febuary 4th, 2021 3:44PM CST
              </td>
              <td
                class="MuiTableCell-root MuiTableCell-body MuiTableCell-alignLeft"
                style="font-size: 12px;"
              >
                Febuary 4th, 2021 5:44PM CST
              </td>
            </tr>
          </tbody>
        </table>
      </div>
      <div
        class="MuiTablePagination-root"
      >
        <div
          class="MuiToolbar-root MuiToolbar-regular MuiTablePagination-toolbar MuiToolbar-gutters"
        >
          <div
            class="MuiTablePagination-spacer"
          />
          <p
            class="MuiTypography-root MuiTablePagination-caption MuiTypography-body2 MuiTypography-colorInherit"
            id="mui-68787"
          >
            Rows per page:
          </p>
          <div
            class="MuiInputBase-root MuiTablePagination-input MuiTablePagination-selectRoot"
          >
            <div
              aria-haspopup="listbox"
              aria-labelledby="mui-68787 mui-1601"
              class="MuiSelect-root MuiSelect-select MuiTablePagination-select MuiSelect-selectMenu MuiInputBase-input"
              id="mui-1601"
              role="button"
              tabindex="0"
            >
              25
            </div>
            <input
              aria-hidden="true"
              class="MuiSelect-nativeInput"
              tabindex="-1"
              value="25"
            />
            <svg
              aria-hidden="true"
              class="MuiSvgIcon-root MuiSelect-icon MuiTablePagination-selectIcon"
              focusable="false"
              viewBox="0 0 24 24"
            >
              <path
                d="M7 10l5 5 5-5z"
              />
            </svg>
          </div>
          <p
            class="MuiTypography-root MuiTablePagination-caption MuiTypography-body2 MuiTypography-colorInherit"
          >
            1-1 of 1
          </p>
          <div
            class="MuiTablePagination-actions"
          >
            <button
              aria-label="Previous page"
              class="MuiButtonBase-root MuiIconButton-root MuiIconButton-colorInherit Mui-disabled Mui-disabled"
              disabled=""
              tabindex="-1"
              title="Previous page"
              type="button"
            >
              <span
                class="MuiIconButton-label"
              >
                <svg
                  aria-hidden="true"
                  class="MuiSvgIcon-root"
                  focusable="false"
                  viewBox="0 0 24 24"
                >
                  <path
                    d="M15.41 16.09l-4.58-4.59 4.58-4.59L14 5.5l-6 6 6 6z"
                  />
                </svg>
              </span>
            </button>
            <button
              aria-label="Next page"
              class="MuiButtonBase-root MuiIconButton-root MuiIconButton-colorInherit Mui-disabled Mui-disabled"
              disabled=""
              tabindex="-1"
              title="Next page"
              type="button"
            >
              <span
                class="MuiIconButton-label"
              >
                <svg
                  aria-hidden="true"
                  class="MuiSvgIcon-root"
                  focusable="false"
                  viewBox="0 0 24 24"
                >
                  <path
                    d="M8.59 16.34l4.58-4.59-4.58-4.59L10 5.75l6 6-6 6z"
                  />
                </svg>
              </span>
            </button>
          </div>
        </div>
      </div>
    </div>
  </div>
</div>
`;
