// Jest Snapshot v1, https://goo.gl/fbAQLP

exports[`Renders and matches snapshot 1`] = `
<div>
  <div
    id="PickUpUI"
  >
    <nav
      class="PU-22451-root-0-2-1"
    >
      <ul
        aria-label="breadcrumbs"
        class="PU-22451-uList-0-2-2"
      >
        <li
          class="PU-22451-nameList-0-2-3"
        >
          <a
            class="PU-22451-link-0-2-5"
            href="/sports-betting"
          >
            Sports Betting
          </a>
          <span
            class="PU-22451-separator-0-2-6"
          >
            /
          </span>
        </li>
        <li
          class="PU-22451-pathList-0-2-4"
        >
          Arizona Sports Betting
        </li>
      </ul>
    </nav>
  </div>
</div>
`;
