// Jest Snapshot v1, https://goo.gl/fbAQLP

exports[`Select renders without crashing, matches snapshot 1`] = `
body #PickUpUI .j1 {
  display: block;
  padding: 4px 4px 12px;
  position: relative;
  font-size: 16px;
  font-family: 'Ringside-Condensed', Helvetica, sans-serif;
  text-transform: uppercase;
}

body #PickUpUI .j4 {
  height: auto;
  position: relative;
}

body #PickUpUI .j5 {
  width: 20px;
}

body #PickUpUI .j0 {
  width: 100%;
  position: relative;
}

body #PickUpUI .j2 {
  color: #2C2933;
  width: 100%;
  border: 1px solid #9D9D9E;
  height: 44px;
  padding: 0 20px 0 16px;
  position: relative;
  font-size: 15px;
  box-sizing: border-box;
  text-align: left;
  font-family: 'Inter', Helvetica, sans-serif;
  line-height: 18px;
  border-radius: 4px;
  letter-spacing: 0.1px;
  background-color: #FFF;
}

body #PickUpUI .j3 {
  top: 49px;
  color: inherit;
  right: 12px;
  border: none;
  cursor: pointer;
  margin: 0;
  display: inline-block;
  padding: 0;
  position: absolute;
  font-size: inherit;
  font-family: inherit;
  user-select: none;
  border-color: transparent;
  -moz-appearance: none;
  text-decoration: none;
  background-color: transparent;
  -webkit-appearance: none;
}

body #PickUpUI .j6 {
  position: relative;
  transform: rotate(0deg);
  transition: all 250ms ease-out;
}

body #PickUpUI .j7 {
  top: -3px;
  color: #2C2933;
  width: 100%;
  border: 1px solid #9D9D9E;
  height: auto;
  position: relative;
  font-size: 14px;
  border-top: transparent;
  text-align: left;
  font-family: 'Inter', Helvetica, sans-serif;
  line-height: 18px;
  border-radius: 4px;
  letter-spacing: 0.1px;
  background-color: #FFF;
  border-top-left-radius: 0;
  border-top-right-radius: 0;
}

<div>
  <div
    id="PickUpUI"
  >
    <div>
      <form
        action="#"
      >
        <div
          aria-expanded="false"
          aria-haspopup="listbox"
          aria-labelledby="downshift-0-label"
          class="j0 Input-1-2-3"
          data-testid="select"
          role="combobox"
          style="color: blue;"
        >
          <div
            data-testid="label-wrapper"
          >
            <label
              class="j1"
              data-testid="label"
              for="downshift-0-input"
            >
              Select Test
            </label>
          </div>
          <input
            aria-autocomplete="list"
            aria-labelledby="downshift-0-label"
            autocomplete="off"
            class="j2"
            id="downshift-0-input"
            name="selection"
            placeholder="Select one"
            value=""
          />
          <button
            aria-haspopup="true"
            aria-label="toggle-menu"
            class="j3"
            data-toggle="true"
            role="button"
            type="button"
          >
            <div
              class="j4 j5 j6"
              data-testid="icon"
            >
              <svg
                height="140"
                version="1.1"
                viewBox="0 0 140 140"
                width="140"
                xmlns="http://www.w3.org/2000/svg"
                xmlns:xlink="http://www.w3.org/1999/xlink"
              >
                <g
                  transform="matrix(5.833333333333333,0,0,5.833333333333333,0,0)"
                >
                  <path
                    d="M23.25,7.311,12.53,18.03a.749.749,0,0,1-1.06,0L.75,7.311"
                    fill="none"
                    stroke="#9D9D9E"
                    stroke-linecap="round"
                    stroke-linejoin="round"
                    stroke-width="1.5"
                  />
                </g>
              </svg>
            </div>
          </button>
          <ul
            aria-labelledby="downshift-0-label"
            class="j7"
            id="downshift-0-menu"
            role="listbox"
            style="display: none;"
          />
        </div>
        <button
          type="submit"
        >
          Submit
        </button>
      </form>
    </div>
  </div>
</div>
`;
